Nr,ItemName,ItemPrice
0,water,200
1,eten,10
2,banaan,2
3,yoghurt,4
4,chocolate,2
